\BOOKMARK [1][-]{section.1}{\376\377\0001\000\040\200\314\146\157\116\016\151\202\217\360}{}% 1
\BOOKMARK [1][-]{section.2}{\376\377\0002\000\040\145\271\154\325}{}% 2
\BOOKMARK [2][-]{subsection.2.1}{\376\377\0002\000.\0001\000\040\145\207\163\056\150\300\175\042\116\016\120\031\220\011\145\160\143\156\145\066\226\306}{section.2}% 3
\BOOKMARK [2][-]{subsection.2.2}{\376\377\0002\000.\0002\000\040\217\154\136\247\121\103\116\366\166\175\124\015\123\125\147\204\136\372}{section.2}% 4
\BOOKMARK [2][-]{subsection.2.3}{\376\377\0002\000.\0003\000\040\145\207\163\056\173\133\220\011\155\101\172\013}{section.2}% 5
\BOOKMARK [2][-]{subsection.2.4}{\376\377\0002\000.\0004\000\040\133\236\117\123\116\016\121\163\174\373\142\275\123\326}{section.2}% 6
\BOOKMARK [2][-]{subsection.2.5}{\376\377\0002\000.\0005\000\040\133\236\117\123\211\304\203\003\123\026\116\016\124\014\116\111\213\315\124\010\136\166}{section.2}% 7
\BOOKMARK [2][-]{subsection.2.6}{\376\377\0002\000.\0006\000\040\122\006\174\173\117\123\174\373\147\204\136\372}{section.2}% 8
\BOOKMARK [2][-]{subsection.2.7}{\376\377\0002\000.\0007\000\040\167\345\213\306\126\376\214\061\147\204\136\372}{section.2}% 9
\BOOKMARK [2][-]{subsection.2.8}{\376\377\0002\000.\0008\000\040\136\217\122\027\060\001\127\372\126\340\176\304\117\115\177\156\116\016\210\150\217\276\145\160\143\156\145\164\124\010}{section.2}% 10
\BOOKMARK [2][-]{subsection.2.9}{\376\377\0002\000.\0009\000\040\177\121\230\165\145\160\143\156\136\223\116\016\116\244\116\222\122\237\200\375\133\236\163\260}{section.2}% 11
\BOOKMARK [2][-]{subsection.2.10}{\376\377\0002\000.\0001\0000\000\040\201\352\161\066\213\355\212\000\225\356\173\124\122\251\142\113}{section.2}% 12
\BOOKMARK [1][-]{section.3}{\376\377\0003\000\040\145\160\143\156\213\260\137\125}{}% 13
\BOOKMARK [2][-]{subsection.3.1}{\376\377\0003\000.\0001\000\040\145\207\163\056\213\260\137\125}{section.3}% 14
\BOOKMARK [2][-]{subsection.3.2}{\376\377\0003\000.\0002\000\040\133\236\117\123\213\260\137\125}{section.3}% 15
\BOOKMARK [2][-]{subsection.3.3}{\376\377\0003\000.\0003\000\040\121\163\174\373\213\260\137\125}{section.3}% 16
\BOOKMARK [2][-]{subsection.3.4}{\376\377\0003\000.\0004\000\040\122\006\174\173\060\001\136\217\122\027\060\001\117\115\177\156\124\214\210\150\217\276\213\260\137\125}{section.3}% 17
\BOOKMARK [1][-]{section.4}{\376\377\0004\000\040\142\200\147\057\232\214\213\301}{}% 18
\BOOKMARK [2][-]{subsection.4.1}{\376\377\0004\000.\0001\000\040\145\207\163\056\173\133\220\011\121\306\170\156\140\047\232\214\213\301}{section.4}% 19
\BOOKMARK [2][-]{subsection.4.2}{\376\377\0004\000.\0002\000\040\133\236\117\123\211\304\203\003\123\026\232\214\213\301}{section.4}% 20
\BOOKMARK [2][-]{subsection.4.3}{\376\377\0004\000.\0003\000\040\121\163\174\373\142\275\123\326\215\050\221\317\213\304\117\060}{section.4}% 21
\BOOKMARK [2][-]{subsection.4.4}{\376\377\0004\000.\0004\000\040\122\006\174\173\117\123\174\373\116\000\201\364\140\047\150\300\147\345}{section.4}% 22
\BOOKMARK [2][-]{subsection.4.5}{\376\377\0004\000.\0005\000\040\174\373\176\337\122\237\200\375\232\214\213\301}{section.4}% 23
\BOOKMARK [2][-]{subsection.4.6}{\376\377\0004\000.\0006\000\040\201\352\161\066\213\355\212\000\225\356\173\124\232\214\213\301}{section.4}% 24
\BOOKMARK [1][-]{section.5}{\376\377\0005\000\040\117\177\165\050\213\364\146\016}{}% 25
\BOOKMARK [2][-]{subsection.5.1}{\376\377\0005\000.\0001\000\040\147\345\213\342\000\040\000T\000E\000\040\127\372\170\100\117\341\140\157}{section.5}% 26
\BOOKMARK [2][-]{subsection.5.2}{\376\377\0005\000.\0002\000\040\143\242\175\042\000\040\000T\000E\000\040\116\016\165\276\165\305\166\204\213\301\143\156\224\376}{section.5}% 27
\BOOKMARK [2][-]{subsection.5.3}{\376\377\0005\000.\0003\000\040\176\323\124\010\210\150\217\276\124\214\215\357\137\204\143\242\175\042\217\333\210\114\131\032\134\102\213\301\143\156\145\164\124\010}{section.5}% 28
\BOOKMARK [2][-]{subsection.5.4}{\376\377\0005\000.\0004\000\040\117\177\165\050\201\352\161\066\213\355\212\000\225\356\173\124\122\251\142\113}{section.5}% 29
\BOOKMARK [1][-]{section.6}{\376\377\0006\000\040\116\343\170\001\123\357\165\050\140\047}{}% 30
\BOOKMARK [1][-]{section.7}{\376\377\0007\000\040\145\160\143\156\123\357\165\050\140\047}{}% 31
\BOOKMARK [1][-]{section.8}{\376\377\0008\000\040\176\323\213\272}{}% 32
\BOOKMARK [1][-]{section*.2}{\376\377\123\302\200\003\145\207\163\056}{}% 33
