\BOOKMARK [1][-]{section.1}{\376\377\137\025\212\000}{}% 1
\BOOKMARK [1][-]{section.2}{\376\377\147\120\145\231\116\016\145\271\154\325}{}% 2
\BOOKMARK [2][-]{subsection.2.1}{\376\377\203\003\126\364\116\016\213\301\143\156\152\041\127\213}{section.2}% 3
\BOOKMARK [2][-]{subsection.2.2}{\376\377\145\207\163\056\145\066\226\306\060\001\117\341\140\157\143\320\123\326\116\016\150\007\121\306\123\026}{section.2}% 4
\BOOKMARK [2][-]{subsection.2.3}{\376\377\000T\000E\000\040\122\006\174\173\060\001\136\217\122\027\116\016\127\372\126\340\176\304\213\260\137\125}{section.2}% 5
\BOOKMARK [2][-]{subsection.2.4}{\376\377\210\150\217\276\145\160\143\156\226\306\116\016\140\305\130\203\133\232\116\111}{section.2}% 6
\BOOKMARK [2][-]{subsection.2.5}{\376\377\162\171\133\232\140\305\130\203\116\013\166\204\121\161\210\150\217\276\177\121\176\334}{section.2}% 7
\BOOKMARK [2][-]{subsection.2.6}{\376\377\126\376\145\160\143\156\136\223\060\001\121\163\174\373\127\213\133\130\120\250\116\016\177\121\230\165\136\224\165\050}{section.2}% 8
\BOOKMARK [2][-]{subsection.2.7}{\376\377\123\327\213\301\143\156\217\271\165\114\176\246\147\137\166\204\201\352\161\066\213\355\212\000\150\300\175\042}{section.2}% 9
\BOOKMARK [2][-]{subsection.2.8}{\376\377\232\214\213\301\116\016\137\353\161\147\173\126\165\145}{section.2}% 10
\BOOKMARK [1][-]{section.3}{\376\377\176\323\147\234}{}% 11
\BOOKMARK [2][-]{subsection.3.1}{\376\377\121\167\147\011\146\016\170\156\147\145\156\220\117\341\140\157\166\204\145\207\163\056\121\163\200\124\116\272\174\173\000\040\000T\000E\000\040\126\376\214\061}{section.3}% 12
\BOOKMARK [2][-]{subsection.3.2}{\376\377\122\006\174\173\211\306\126\376\116\016\166\356\137\125\211\306\126\376\117\335\165\131\116\015\124\014\166\204\213\260\137\125\123\125\117\115}{section.3}% 13
\BOOKMARK [2][-]{subsection.3.3}{\376\377\210\150\217\276\116\016\121\161\210\150\217\276\130\236\122\240\116\011\174\173\165\037\162\151\133\146\140\305\130\203}{section.3}% 14
\BOOKMARK [2][-]{subsection.3.4}{\376\377\166\370\116\222\217\336\143\245\166\204\165\114\227\142\143\320\117\233\116\222\210\145\213\301\143\156\121\145\123\343}{section.3}% 15
\BOOKMARK [2][-]{subsection.3.5}{\376\377\201\352\161\066\213\355\212\000\217\375\225\356\116\305\226\120\137\123\122\115\117\032\213\335}{section.3}% 16
\BOOKMARK [2][-]{subsection.3.6}{\376\377\215\350\213\301\143\156\134\102\166\204\000\040\000L\0001\000H\000S\000\040\117\177\165\050\150\110\117\213}{section.3}% 17
\BOOKMARK [1][-]{section.4}{\376\377\213\250\213\272}{}% 18
\BOOKMARK [1][-]{section.5}{\376\377\176\323\213\272}{}% 19
\BOOKMARK [1][-]{section.6}{\376\377\145\160\143\156\123\357\165\050\140\047}{}% 20
\BOOKMARK [1][-]{section.7}{\376\377\210\145\121\105\145\160\143\156}{}% 21
\BOOKMARK [1][-]{section.8}{\376\377\201\364\214\042}{}% 22
\BOOKMARK [1][-]{section.9}{\376\377\176\317\215\071\145\057\143\001}{}% 23
\BOOKMARK [1][-]{section.10}{\376\377\122\051\166\312\121\262\172\201}{}% 24
