\BOOKMARK [1][-]{section.1}{\376\377\0001\000\040\142\245\124\112\203\003\126\364\116\016\116\213\133\236\147\145\156\220}{}% 1
\BOOKMARK [1][-]{section.2}{\376\377\0002\000\040\171\321\133\146\200\314\146\157\116\016\215\104\156\220\225\356\230\230}{}% 2
\BOOKMARK [1][-]{section.3}{\376\377\0003\000\040\174\373\176\337\133\232\117\115\116\016\150\070\137\303\215\041\163\056}{}% 3
\BOOKMARK [1][-]{section.4}{\376\377\0004\000\040\140\073\117\123\147\266\147\204}{}% 4
\BOOKMARK [2][-]{subsection.4.1}{\376\377\0004\000.\0001\000\040\122\006\134\102\147\266\147\204}{section.4}% 5
\BOOKMARK [2][-]{subsection.4.2}{\376\377\0004\000.\0002\000\040\150\070\137\303\217\320\210\114\121\145\123\343}{section.4}% 6
\BOOKMARK [1][-]{section.5}{\376\377\0005\000\040\145\160\143\156\136\223\211\304\152\041\116\016\145\160\143\156\152\041\127\213}{}% 7
\BOOKMARK [2][-]{subsection.5.1}{\376\377\0005\000.\0001\000\040\000N\000e\000o\0004\000j\000\040\217\320\210\114\145\366\211\304\152\041}{section.5}% 8
\BOOKMARK [2][-]{subsection.5.2}{\376\377\0005\000.\0002\000\040\133\236\117\123\174\173\127\213\147\204\142\020}{section.5}% 9
\BOOKMARK [2][-]{subsection.5.3}{\376\377\0005\000.\0003\000\040\121\163\174\373\174\173\127\213\116\016\214\023\213\315}{section.5}% 10
\BOOKMARK [1][-]{section.6}{\376\377\0006\000\040\000T\000E\000\040\000t\000a\000x\000o\000n\000o\000m\000y\000\040\134\102}{}% 11
\BOOKMARK [2][-]{subsection.6.1}{\376\377\0006\000.\0001\000\040\137\123\122\115\000\040\000t\000a\000x\000o\000n\000o\000m\000y\000\040\145\160\143\156}{section.6}% 12
\BOOKMARK [2][-]{subsection.6.2}{\376\377\0006\000.\0002\000\040\135\362\167\345\000\040\000t\000a\000x\000o\000n\000o\000m\000y\000\040\230\316\226\151}{section.6}% 13
\BOOKMARK [1][-]{section.7}{\376\377\0007\000\040\000P\000u\000b\000M\000e\000d\000\040\145\207\163\056\213\301\143\156\134\102}{}% 14
\BOOKMARK [2][-]{subsection.7.1}{\376\377\0007\000.\0001\000\040\000P\000a\000p\000e\000r\000\040\202\202\160\271\116\016\000\040\000P\000M\000I\000D}{section.7}% 15
\BOOKMARK [2][-]{subsection.7.2}{\376\377\0007\000.\0002\000\040\0002\0000\0002\0005\000\040\136\164\147\037\122\012\143\007\150\007\146\040\134\004}{section.7}% 16
\BOOKMARK [1][-]{section.8}{\376\377\0008\000\040\000B\000I\000O\000\137\000R\000E\000L\000A\000T\000I\000O\000N\000\040\213\301\143\156\145\057\143\001\200\132\124\010}{}% 17
\BOOKMARK [2][-]{subsection.8.1}{\376\377\0008\000.\0001\000\040\200\132\124\010\213\276\213\241}{section.8}% 18
\BOOKMARK [2][-]{subsection.8.2}{\376\377\0008\000.\0002\000\040\200\132\124\010\176\323\147\234}{section.8}% 19
\BOOKMARK [1][-]{section.9}{\376\377\0009\000\040\000G\000r\000a\000p\000h\000\040\000A\000P\000I\000\040\116\016\000\040\000G\0006\000\040\126\376\214\061\135\345\117\134\123\072}{}% 20
\BOOKMARK [2][-]{subsection.9.1}{\376\377\0009\000.\0001\000\040\000G\000r\000a\000p\000h\000\040\000A\000P\000I\000\040\000c\000o\000n\000t\000r\000a\000c\000t}{section.9}% 21
\BOOKMARK [2][-]{subsection.9.2}{\376\377\0009\000.\0002\000\040\000E\000v\000i\000d\000e\000n\000c\000e\000\040\000r\000e\000c\000o\000r\000d\000s}{section.9}% 22
\BOOKMARK [2][-]{subsection.9.3}{\376\377\0009\000.\0003\000\040\000G\0006\000\040\135\345\117\134\123\072\122\237\200\375}{section.9}% 23
\BOOKMARK [1][-]{section.10}{\376\377\0001\0000\000\040\000E\000x\000p\000r\000e\000s\000s\000i\000o\000n\000\040\145\160\143\156\134\102}{}% 24
\BOOKMARK [2][-]{subsection.10.1}{\376\377\0001\0000\000.\0001\000\040\217\320\210\114\145\366\150\071\166\356\137\125}{section.10}% 25
\BOOKMARK [2][-]{subsection.10.2}{\376\377\0001\0000\000.\0002\000\040\210\150\217\276\145\160\143\156\211\304\152\041}{section.10}% 26
\BOOKMARK [2][-]{subsection.10.3}{\376\377\0001\0000\000.\0003\000\040\000M\000y\000S\000Q\000L\000\040\000s\000u\000m\000m\000a\000r\000y\000\040\000t\000a\000b\000l\000e\000s}{section.10}% 27
\BOOKMARK [1][-]{section.11}{\376\377\0001\0001\000\040\231\226\230\165\060\001\000B\000r\000o\000w\000s\000e\000\040\116\016\176\337\213\241\134\125\171\072}{}% 28
\BOOKMARK [2][-]{subsection.11.1}{\376\377\0001\0001\000.\0001\000\040\231\226\230\165\176\337\213\241}{section.11}% 29
\BOOKMARK [2][-]{subsection.11.2}{\376\377\0001\0001\000.\0002\000\040\000B\000r\000o\000w\000s\000e\000\040\230\165\227\142}{section.11}% 30
\BOOKMARK [1][-]{section.12}{\376\377\0001\0002\000\040\145\160\143\156\203\267\123\326\155\101\172\013\122\035\162\110\213\364\146\016}{}% 31
\BOOKMARK [2][-]{subsection.12.1}{\376\377\0001\0002\000.\0001\000\040\201\032\147\054\166\356\150\007}{section.12}% 32
\BOOKMARK [2][-]{subsection.12.2}{\376\377\0001\0002\000.\0002\000\040\137\123\122\115\221\115\177\156\124\214\217\271\165\114}{section.12}% 33
\BOOKMARK [1][-]{section.13}{\376\377\0001\0003\000\040\123\357\227\140\140\047\116\016\215\050\221\317\143\247\122\066}{}% 34
\BOOKMARK [1][-]{section.14}{\376\377\0001\0004\000\040\133\211\121\150\060\001\137\000\145\076\116\016\145\160\143\156\211\343\221\312\217\271\165\114}{}% 35
\BOOKMARK [1][-]{section.15}{\376\377\0001\0005\000\040\135\362\167\345\226\120\122\066\116\016\124\016\176\355\176\364\142\244\221\315\160\271}{}% 36
\BOOKMARK [1][-]{section.16}{\376\377\0001\0006\000\040\176\323\213\272}{}% 37
\BOOKMARK [1][-]{section*.9}{\376\377\123\302\200\003\145\207\163\056}{}% 38
